[    0.000000] Initializing cgroup subsys cpuset
[    0.000000] Initializing cgroup subsys cpu
[    0.000000] Initializing cgroup subsys cpuacct
[    0.000000] Linux version 3.16.0-38-generic (buildd@allspice) (gcc version 4.8.2 (Ubuntu 4.8.2-19ubuntu1) ) #52~14.04.1-Ubuntu SMP Fri May 8 09:43:57 UTC 2015 (Ubuntu 3.16.0-38.52~14.04.1-generic 3.16.7-ckt10)
[    0.000000] Command line: BOOT_IMAGE=/boot/vmlinuz-3.16.0-38-generic root=UUID=62196a58-1317-4248-8528-ab3fabbd4209 ro quiet splash vt.handoff=7
[    0.000000] KERNEL supported cpus:
[    0.000000]   Intel GenuineIntel
[    0.000000]   AMD AuthenticAMD
[    0.000000]   Centaur CentaurHauls
[    0.000000] e820: BIOS-provided physical RAM map:
[    0.000000] BIOS-e820: [mem 0x0000000000000000-0x000000000009efff] usable
[    0.000000] BIOS-e820: [mem 0x000000000009f000-0x000000000009ffff] reserved
[    0.000000] BIOS-e820: [mem 0x0000000000100000-0x00000000bdabf3ff] usable
[    0.000000] BIOS-e820: [mem 0x00000000bdabf400-0x00000000bdac13ff] ACPI NVS
[    0.000000] BIOS-e820: [mem 0x00000000bdac1400-0x00000000bfffffff] reserved
[    0.000000] BIOS-e820: [mem 0x00000000f8000000-0x00000000fbffffff] reserved
[    0.000000] BIOS-e820: [mem 0x00000000fec00000-0x00000000fec0ffff] reserved
[    0.000000] BIOS-e820: [mem 0x00000000fed18000-0x00000000fed1bfff] reserved
[    0.000000] BIOS-e820: [mem 0x00000000fed20000-0x00000000fed8ffff] reserved
[    0.000000] BIOS-e820: [mem 0x00000000feda0000-0x00000000feda5fff] reserved
[    0.000000] BIOS-e820: [mem 0x00000000fee00000-0x00000000fee0ffff] reserved
[    0.000000] BIOS-e820: [mem 0x00000000ffe00000-0x00000000ffffffff] reserved
[    0.000000] NX (Execute Disable) protection: active
[    0.000000] SMBIOS 2.4 present.
[    0.000000] DMI: Dell Inc. Inspiron 1545                   /0G848F, BIOS A05 02/25/2009
[    0.000000] e820: update [mem 0x00000000-0x00000fff] usable ==> reserved
[    0.000000] e820: remove [mem 0x000a0000-0x000fffff] usable
[    0.000000] AGP: No AGP bridge found
[    0.000000] e820: last_pfn = 0xbdabf max_arch_pfn = 0x400000000
[    0.000000] MTRR default type: uncachable
[    0.000000] MTRR fixed ranges enabled:
[    0.000000]   00000-9FFFF write-back
[    0.000000]   A0000-BFFFF uncachable
[    0.000000]   C0000-CFFFF write-protect
[    0.000000]   D0000-EFFFF uncachable
[    0.000000]   F0000-FFFFF write-protect
[    0.000000] MTRR variable ranges enabled:
[    0.000000]   0 base 000000000 mask 800000000 write-back
[    0.000000]   1 base 0E0000000 mask FE0000000 uncachable
[    0.000000]   2 base 0BDC00000 mask FFFC00000 uncachable
[    0.000000]   3 base 0BE000000 mask FFE000000 uncachable
[    0.000000]   4 disabled
[    0.000000]   5 disabled
[    0.000000]   6 disabled
[    0.000000] x86 PAT enabled: cpu 0, old 0x7040600070406, new 0x7010600070106
[    0.000000] original variable MTRRs
[    0.000000] reg 0, base: 0GB, range: 32GB, type WB
[    0.000000] reg 1, base: 3584MB, range: 512MB, type UC
[    0.000000] reg 2, base: 3036MB, range: 4MB, type UC
[    0.000000] reg 3, base: 3040MB, range: 32MB, type UC
[    0.000000] total RAM covered: 32220M
[    0.000000]  gran_size: 64K 	chunk_size: 64K 	num_reg: 7  	lose cover RAM: 29188M
[    0.000000]  gran_size: 64K 	chunk_size: 128K 	num_reg: 7  	lose cover RAM: 29188M
[    0.000000]  gran_size: 64K 	chunk_size: 256K 	num_reg: 7  	lose cover RAM: 29188M
[    0.000000]  gran_size: 64K 	chunk_size: 512K 	num_reg: 7  	lose cover RAM: 29188M
[    0.000000]  gran_size: 64K 	chunk_size: 1M 	num_reg: 7  	lose cover RAM: 29188M
[    0.000000]  gran_size: 64K 	chunk_size: 2M 	num_reg: 7  	lose cover RAM: 29188M
[    0.000000]  gran_size: 64K 	chunk_size: 4M 	num_reg: 7  	lose cover RAM: 29188M
[    0.000000]  gran_size: 64K 	chunk_size: 8M 	num_reg: 7  	lose cover RAM: 29184M
[    0.000000]  gran_size: 64K 	chunk_size: 16M 	num_reg: 7  	lose cover RAM: 29184M
[    0.000000]  gran_size: 64K 	chunk_size: 32M 	num_reg: 7  	lose cover RAM: 29184M
[    0.000000]  gran_size: 64K 	chunk_size: 64M 	num_reg: 7  	lose cover RAM: 16G
[    0.000000]  gran_size: 64K 	chunk_size: 128M 	num_reg: 7  	lose cover RAM: 16G
[    0.000000]  gran_size: 64K 	chunk_size: 256M 	num_reg: 7  	lose cover RAM: 16G
[    0.000000]  gran_size: 64K 	chunk_size: 512M 	num_reg: 7  	lose cover RAM: 16G
[    0.000000]  gran_size: 64K 	chunk_size: 1G 	num_reg: 7  	lose cover RAM: 16G
[    0.000000]  gran_size: 64K 	chunk_size: 2G 	num_reg: 7  	lose cover RAM: 29188M
[    0.000000]  gran_size: 128K 	chunk_size: 128K 	num_reg: 7  	lose cover RAM: 29188M
[    0.000000]  gran_size: 128K 	chunk_size: 256K 	num_reg: 7  	lose cover RAM: 29188M
[    0.000000]  gran_size: 128K 	chunk_size: 512K 	num_reg: 7  	lose cover RAM: 29188M
[    0.000000]  gran_size: 128K 	chunk_size: 1M 	num_reg: 7  	lose cover RAM: 29188M
[    0.000000]  gran_size: 128K 	chunk_size: 2M 	num_reg: 7  	lose cover RAM: 29188M
[    0.000000]  gran_size: 128K 	chunk_size: 4M 	num_reg: 7  	lose cover RAM: 29188M
[    0.000000]  gran_size: 128K 	chunk_size: 8M 	num_reg: 7  	lose cover RAM: 29184M
[    0.000000]  gran_size: 128K 	chunk_size: 16M 	num_reg: 7  	lose cover RAM: 29184M
[    0.000000]  gran_size: 128K 	chunk_size: 32M 	num_reg: 7  	lose cover RAM: 29184M
[    0.000000]  gran_size: 128K 	chunk_size: 64M 	num_reg: 7  	lose cover RAM: 16G
[    0.000000]  gran_size: 128K 	chunk_size: 128M 	num_reg: 7  	lose cover RAM: 16G
[    0.000000]  gran_size: 128K 	chunk_size: 256M 	num_reg: 7  	lose cover RAM: 16G
[    0.000000]  gran_size: 128K 	chunk_size: 512M 	num_reg: 7  	lose cover RAM: 16G
[    0.000000]  gran_size: 128K 	chunk_size: 1G 	num_reg: 7  	lose cover RAM: 16G
[    0.000000]  gran_size: 128K 	chunk_size: 2G 	num_reg: 7  	lose cover RAM: 29188M
[    0.000000]  gran_size: 256K 	chunk_size: 256K 	num_reg: 7  	lose cover RAM: 29188M
[    0.000000]  gran_size: 256K 	chunk_size: 512K 	num_reg: 7  	lose cover RAM: 29188M
[    0.000000]  gran_size: 256K 	chunk_size: 1M 	num_reg: 7  	lose cover RAM: 29188M
[    0.000000]  gran_size: 256K 	chunk_size: 2M 	num_reg: 7  	lose cover RAM: 29188M
[    0.000000]  gran_size: 256K 	chunk_size: 4M 	num_reg: 7  	lose cover RAM: 29188M
[    0.000000]  gran_size: 256K 	chunk_size: 8M 	num_reg: 7  	lose cover RAM: 29184M
[    0.000000]  gran_size: 256K 	chunk_size: 16M 	num_reg: 7  	lose cover RAM: 29184M
[    0.000000]  gran_size: 256K 	chunk_size: 32M 	num_reg: 7  	lose cover RAM: 29184M
[    0.000000]  gran_size: 256K 	chunk_size: 64M 	num_reg: 7  	lose cover RAM: 16G
[    0.000000]  gran_size: 256K 	chunk_size: 128M 	num_reg: 7  	lose cover RAM: 16G
[    0.000000]  gran_size: 256K 	chunk_size: 256M 	num_reg: 7  	lose cover RAM: 16G
[    0.000000]  gran_size: 256K 	chunk_size: 512M 	num_reg: 7  	lose cover RAM: 16G
[    0.000000]  gran_size: 256K 	chunk_size: 1G 	num_reg: 7  	lose cover RAM: 16G
[    0.000000]  gran_size: 256K 	chunk_size: 2G 	num_reg: 7  	lose cover RAM: 29188M
[    0.000000]  gran_size: 512K 	chunk_size: 512K 	num_reg: 7  	lose cover RAM: 29188M
[    0.000000]  gran_size: 512K 	chunk_size: 1M 	num_reg: 7  	lose cover RAM: 29188M
[    0.000000]  gran_size: 512K 	chunk_size: 2M 	num_reg: 7  	lose cover RAM: 29188M
[    0.000000]  gran_size: 512K 	chunk_size: 4M 	num_reg: 7  	lose cover RAM: 29188M
[    0.000000]  gran_size: 512K 	chunk_size: 8M 	num_reg: 7  	lose cover RAM: 29184M
[    0.000000]  gran_size: 512K 	chunk_size: 16M 	num_reg: 7  	lose cover RAM: 29184M
[    0.000000]  gran_size: 512K 	chunk_size: 32M 	num_reg: 7  	lose cover RAM: 29184M
[    0.000000]  gran_size: 512K 	chunk_size: 64M 	num_reg: 7  	lose cover RAM: 16G
[    0.000000]  gran_size: 512K 	chunk_size: 128M 	num_reg: 7  	lose cover RAM: 16G
[    0.000000]  gran_size: 512K 	chunk_size: 256M 	num_reg: 7  	lose cover RAM: 16G
[    0.000000]  gran_size: 512K 	chunk_size: 512M 	num_reg: 7  	lose cover RAM: 16G
[    0.000000]  gran_size: 512K 	chunk_size: 1G 	num_reg: 7  	lose cover RAM: 16G
[    0.000000]  gran_size: 512K 	chunk_size: 2G 	num_reg: 7  	lose cover RAM: 29188M
[    0.000000]  gran_size: 1M 	chunk_size: 1M 	num_reg: 7  	lose cover RAM: 29188M
[    0.000000]  gran_size: 1M 	chunk_size: 2M 	num_reg: 7  	lose cover RAM: 29188M
[    0.000000]  gran_size: 1M 	chunk_size: 4M 	num_reg: 7  	lose cover RAM: 29188M
[    0.000000]  gran_size: 1M 	chunk_size: 8M 	num_reg: 7  	lose cover RAM: 29184M
[    0.000000]  gran_size: 1M 	chunk_size: 16M 	num_reg: 7  	lose cover RAM: 29184M
[    0.000000]  gran_size: 1M 	chunk_size: 32M 	num_reg: 7  	lose cover RAM: 29184M
[    0.000000]  gran_size: 1M 	chunk_size: 64M 	num_reg: 7  	lose cover RAM: 16G
[    0.000000]  gran_size: 1M 	chunk_size: 128M 	num_reg: 7  	lose cover RAM: 16G
[    0.000000]  gran_size: 1M 	chunk_size: 256M 	num_reg: 7  	lose cover RAM: 16G
[    0.000000]  gran_size: 1M 	chunk_size: 512M 	num_reg: 7  	lose cover RAM: 16G
[    0.000000]  gran_size: 1M 	chunk_size: 1G 	num_reg: 7  	lose cover RAM: 16G
[    0.000000]  gran_size: 1M 	chunk_size: 2G 	num_reg: 7  	lose cover RAM: 29188M
[    0.000000]  gran_size: 2M 	chunk_size: 2M 	num_reg: 7  	lose cover RAM: 29188M
[    0.000000]  gran_size: 2M 	chunk_size: 4M 	num_reg: 7  	lose cover RAM: 29188M
[    0.000000]  gran_size: 2M 	chunk_size: 8M 	num_reg: 7  	lose cover RAM: 29184M
[    0.000000]  gran_size: 2M 	chunk_size: 16M 	num_reg: 7  	lose cover RAM: 29184M
[    0.000000]  gran_size: 2M 	chunk_size: 32M 	num_reg: 7  	lose cover RAM: 29184M
[    0.000000]  gran_size: 2M 	chunk_size: 64M 	num_reg: 7  	lose cover RAM: 16G
[    0.000000]  gran_size: 2M 	chunk_size: 128M 	num_reg: 7  	lose cover RAM: 16G
[    0.000000]  gran_size: 2M 	chunk_size: 256M 	num_reg: 7  	lose cover RAM: 16G
[    0.000000]  gran_size: 2M 	chunk_size: 512M 	num_reg: 7  	lose cover RAM: 16G
[    0.000000]  gran_size: 2M 	chunk_size: 1G 	num_reg: 7  	lose cover RAM: 16G
[    0.000000]  gran_size: 2M 	chunk_size: 2G 	num_reg: 7  	lose cover RAM: 29188M
[    0.000000]  gran_size: 4M 	chunk_size: 4M 	num_reg: 7  	lose cover RAM: 29188M
[    0.000000]  gran_size: 4M 	chunk_size: 8M 	num_reg: 7  	lose cover RAM: 29184M
[    0.000000]  gran_size: 4M 	chunk_size: 16M 	num_reg: 7  	lose cover RAM: 29184M
[    0.000000]  gran_size: 4M 	chunk_size: 32M 	num_reg: 7  	lose cover RAM: 29184M
[    0.000000]  gran_size: 4M 	chunk_size: 64M 	num_reg: 7  	lose cover RAM: 16G
[    0.000000]  gran_size: 4M 	chunk_size: 128M 	num_reg: 7  	lose cover RAM: 16G
[    0.000000]  gran_size: 4M 	chunk_size: 256M 	num_reg: 7  	lose cover RAM: 16G
[    0.000000]  gran_size: 4M 	chunk_size: 512M 	num_reg: 7  	lose cover RAM: 16G
[    0.000000]  gran_size: 4M 	chunk_size: 1G 	num_reg: 7  	lose cover RAM: 16G
[    0.000000]  gran_size: 4M 	chunk_size: 2G 	num_reg: 7  	lose cover RAM: 29188M
[    0.000000]  gran_size: 8M 	chunk_size: 8M 	num_reg: 7  	lose cover RAM: 29188M
[    0.000000]  gran_size: 8M 	chunk_size: 16M 	num_reg: 7  	lose cover RAM: 29188M
[    0.000000]  gran_size: 8M 	chunk_size: 32M 	num_reg: 7  	lose cover RAM: 29188M
[    0.000000]  gran_size: 8M 	chunk_size: 64M 	num_reg: 7  	lose cover RAM: 16388M
[    0.000000]  gran_size: 8M 	chunk_size: 128M 	num_reg: 7  	lose cover RAM: 16388M
[    0.000000]  gran_size: 8M 	chunk_size: 256M 	num_reg: 7  	lose cover RAM: 16388M
[    0.000000]  gran_size: 8M 	chunk_size: 512M 	num_reg: 7  	lose cover RAM: 16388M
[    0.000000]  gran_size: 8M 	chunk_size: 1G 	num_reg: 7  	lose cover RAM: 16388M
[    0.000000]  gran_size: 8M 	chunk_size: 2G 	num_reg: 7  	lose cover RAM: 29188M
[    0.000000]  gran_size: 16M 	chunk_size: 16M 	num_reg: 7  	lose cover RAM: 28684M
[    0.000000]  gran_size: 16M 	chunk_size: 32M 	num_reg: 7  	lose cover RAM: 29196M
[    0.000000]  gran_size: 16M 	chunk_size: 64M 	num_reg: 7  	lose cover RAM: 16396M
[    0.000000]  gran_size: 16M 	chunk_size: 128M 	num_reg: 7  	lose cover RAM: 16396M
[    0.000000]  gran_size: 16M 	chunk_size: 256M 	num_reg: 7  	lose cover RAM: 16396M
[    0.000000]  gran_size: 16M 	chunk_size: 512M 	num_reg: 7  	lose cover RAM: 16396M
[    0.000000]  gran_size: 16M 	chunk_size: 1G 	num_reg: 7  	lose cover RAM: 16396M
[    0.000000]  gran_size: 16M 	chunk_size: 2G 	num_reg: 7  	lose cover RAM: 28172M
[    0.000000]  gran_size: 32M 	chunk_size: 32M 	num_reg: 7  	lose cover RAM: 24604M
[    0.000000]  gran_size: 32M 	chunk_size: 64M 	num_reg: 7  	lose cover RAM: 24604M
[    0.000000]  gran_size: 32M 	chunk_size: 128M 	num_reg: 7  	lose cover RAM: 28M
[    0.000000]  gran_size: 32M 	chunk_size: 256M 	num_reg: 7  	lose cover RAM: 28M
[    0.000000]  gran_size: 32M 	chunk_size: 512M 	num_reg: 7  	lose cover RAM: 28M
[    0.000000]  gran_size: 32M 	chunk_size: 1G 	num_reg: 7  	lose cover RAM: 28M
[    0.000000]  gran_size: 32M 	chunk_size: 2G 	num_reg: 7  	lose cover RAM: 27164M
[    0.000000]  gran_size: 64M 	chunk_size: 64M 	num_reg: 7  	lose cover RAM: 24604M
[    0.000000]  gran_size: 64M 	chunk_size: 128M 	num_reg: 7  	lose cover RAM: 28M
[    0.000000]  gran_size: 64M 	chunk_size: 256M 	num_reg: 7  	lose cover RAM: 28M
[    0.000000]  gran_size: 64M 	chunk_size: 512M 	num_reg: 7  	lose cover RAM: 28M
[    0.000000]  gran_size: 64M 	chunk_size: 1G 	num_reg: 7  	lose cover RAM: 28M
[    0.000000]  gran_size: 64M 	chunk_size: 2G 	num_reg: 7  	lose cover RAM: 27164M
[    0.000000]  gran_size: 128M 	chunk_size: 128M 	num_reg: 7  	lose cover RAM: 16476M
[    0.000000]  gran_size: 128M 	chunk_size: 256M 	num_reg: 7  	lose cover RAM: 92M
[    0.000000]  gran_size: 128M 	chunk_size: 512M 	num_reg: 7  	lose cover RAM: 92M
[    0.000000]  gran_size: 128M 	chunk_size: 1G 	num_reg: 7  	lose cover RAM: 92M
[    0.000000]  gran_size: 128M 	chunk_size: 2G 	num_reg: 7  	lose cover RAM: 27740M
[    0.000000]  gran_size: 256M 	chunk_size: 256M 	num_reg: 7  	lose cover RAM: 220M
[    0.000000]  gran_size: 256M 	chunk_size: 512M 	num_reg: 7  	lose cover RAM: 220M
[    0.000000]  gran_size: 256M 	chunk_size: 1G 	num_reg: 7  	lose cover RAM: 220M
[    0.000000]  gran_size: 256M 	chunk_size: 2G 	num_reg: 7  	lose cover RAM: 26844M
[    0.000000]  gran_size: 512M 	chunk_size: 512M 	num_reg: 6  	lose cover RAM: 476M
[    0.000000]  gran_size: 512M 	chunk_size: 1G 	num_reg: 7  	lose cover RAM: 476M
[    0.000000]  gran_size: 512M 	chunk_size: 2G 	num_reg: 7  	lose cover RAM: 25052M
[    0.000000]  gran_size: 1G 	chunk_size: 1G 	num_reg: 4  	lose cover RAM: 1500M
[    0.000000]  gran_size: 1G 	chunk_size: 2G 	num_reg: 4  	lose cover RAM: 1500M
[    0.000000]  gran_size: 2G 	chunk_size: 2G 	num_reg: 4  	lose cover RAM: 1500M
[    0.000000] mtrr_cleanup: can not find optimal value
[    0.000000] please specify mtrr_gran_size/mtrr_chunk_size
[    0.000000] e820: update [mem 0xbdc00000-0xbfffffff] usable ==> reserved
[    0.000000] e820: update [mem 0xe0000000-0xffffffff] usable ==> reserved
[    0.000000] Scanning 1 areas for low memory corruption
[    0.000000] Base memory trampoline at [ffff880000099000] 99000 size 24576
[    0.000000] init_memory_mapping: [mem 0x00000000-0x000fffff]
[    0.000000]  [mem 0x00000000-0x000fffff] page 4k
[    0.000000] BRK [0x01fbd000, 0x01fbdfff] PGTABLE
[    0.000000] BRK [0x01fbe000, 0x01fbefff] PGTABLE
[    0.000000] BRK [0x01fbf000, 0x01fbffff] PGTABLE
[    0.000000] init_memory_mapping: [mem 0xbd800000-0xbd9fffff]
[    0.000000]  [mem 0xbd800000-0xbd9fffff] page 2M
[    0.000000] BRK [0x01fc0000, 0x01fc0fff] PGTABLE
[    0.000000] init_memory_mapping: [mem 0xbc000000-0xbd7fffff]
[    0.000000]  [mem 0xbc000000-0xbd7fffff] page 2M
[    0.000000] init_memory_mapping: [mem 0x80000000-0xbbffffff]
[    0.000000]  [mem 0x80000000-0xbbffffff] page 2M
[    0.000000] init_memory_mapping: [mem 0x00100000-0x7fffffff]
[    0.000000]  [mem 0x00100000-0x001fffff] page 4k
[    0.000000]  [mem 0x00200000-0x7fffffff] page 2M
[    0.000000] init_memory_mapping: [mem 0xbda00000-0xbdabefff]
[    0.000000]  [mem 0xbda00000-0xbdabefff] page 4k
[    0.000000] BRK [0x01fc1000, 0x01fc1fff] PGTABLE
[    0.000000] RAMDISK: [mem 0x347ce000-0x363defff]
[    0.000000] ACPI: Early table checksum verification disabled
[    0.000000] ACPI: RSDP 0x00000000000FBDD0 000024 (v02 DELL  )
[    0.000000] ACPI: XSDT 0x00000000BDAC3E00 000064 (v01 DELL   M09      27D90219 ASL  00000061)
[    0.000000] ACPI: FACP 0x00000000BDAC3C9C 0000F4 (v04 DELL   M09      27D90219 ASL  00000061)
[    0.000000] ACPI BIOS Warning (bug): 32/64X length mismatch in FADT/Gpe0Block: 128/64 (20140424/tbfadt-618)
[    0.000000] ACPI: DSDT 0x00000000BDAC4400 005170 (v02 INT430 SYSFexxx 00001001 INTL 20050624)
[    0.000000] ACPI: FACS 0x00000000BDAD2C00 000040
[    0.000000] ACPI: HPET 0x00000000BDAC3F00 000038 (v01 DELL   M09      00000001 ASL  00000061)
[    0.000000] ACPI: APIC 0x00000000BDAC4000 000068 (v01 DELL   M09      27D90219 ASL  00000047)
[    0.000000] ACPI: MCFG 0x00000000BDAC3FC0 00003E (v16 DELL   M09      27D90219 ASL  00000061)
[    0.000000] ACPI: SLIC 0x00000000BDAC409C 000176 (v01 DELL   M09      27D90219 ASL  00000061)
[    0.000000] ACPI: SSDT 0x00000000BDAC2E72 0005C6 (v01 PmRef  BspCst   00003001 INTL 20050624)
[    0.000000] ACPI: SSDT 0x00000000BDAC2C33 00023F (v01 PmRef  BspIst   00003000 INTL 20050624)
[    0.000000] ACPI: SSDT 0x00000000BDAC25C7 00066C (v01 PmRef  CpuPm    00003000 INTL 20050624)
[    0.000000] ACPI: Local APIC address 0xfee00000
[    0.000000] No NUMA configuration found
[    0.000000] Faking a node at [mem 0x0000000000000000-0x00000000bdabefff]
[    0.000000] Initmem setup node 0 [mem 0x00000000-0xbdabefff]
[    0.000000]   NODE_DATA [mem 0xbdaba000-0xbdabefff]
[    0.000000]  [ffffea0000000000-ffffea0002ffffff] PMD -> [ffff8800ba000000-ffff8800bcffffff] on node 0
[    0.000000] Zone ranges:
[    0.000000]   DMA      [mem 0x00001000-0x00ffffff]
[    0.000000]   DMA32    [mem 0x01000000-0xffffffff]
[    0.000000]   Normal   empty
[    0.000000] Movable zone start for each node
[    0.000000] Early memory node ranges
[    0.000000]   node   0: [mem 0x00001000-0x0009efff]
[    0.000000]   node   0: [mem 0x00100000-0xbdabefff]
[    0.000000] On node 0 totalpages: 776797
[    0.000000]   DMA zone: 64 pages used for memmap
[    0.000000]   DMA zone: 21 pages reserved
[    0.000000]   DMA zone: 3998 pages, LIFO batch:0
[    0.000000]   DMA32 zone: 12075 pages used for memmap
[    0.000000]   DMA32 zone: 772799 pages, LIFO batch:31
[    0.000000] Reserving Intel graphics stolen memory at 0xbe000000-0xbfffffff
[    0.000000] ACPI: PM-Timer IO Port: 0x1008
[    0.000000] ACPI: Local APIC address 0xfee00000
[    0.000000] ACPI: LAPIC (acpi_id[0x00] lapic_id[0x00] enabled)
[    0.000000] ACPI: LAPIC (acpi_id[0x01] lapic_id[0x01] disabled)
[    0.000000] ACPI: LAPIC_NMI (acpi_id[0x00] high edge lint[0x1])
[    0.000000] ACPI: LAPIC_NMI (acpi_id[0x01] high edge lint[0x1])
[    0.000000] ACPI: IOAPIC (id[0x01] address[0xfec00000] gsi_base[0])
[    0.000000] IOAPIC[0]: apic_id 1, version 32, address 0xfec00000, GSI 0-23
[    0.000000] ACPI: INT_SRC_OVR (bus 0 bus_irq 0 global_irq 2 dfl dfl)
[    0.000000] ACPI: INT_SRC_OVR (bus 0 bus_irq 9 global_irq 9 high level)
[    0.000000] ACPI: IRQ0 used by override.
[    0.000000] ACPI: IRQ2 used by override.
[    0.000000] ACPI: IRQ9 used by override.
[    0.000000] Using ACPI (MADT) for SMP configuration information
[    0.000000] ACPI: HPET id: 0x8086a201 base: 0xfed00000
[    0.000000] smpboot: Allowing 2 CPUs, 1 hotplug CPUs
[    0.000000] nr_irqs_gsi: 40
[    0.000000] PM: Registered nosave memory: [mem 0x0009f000-0x0009ffff]
[    0.000000] PM: Registered nosave memory: [mem 0x000a0000-0x000fffff]
[    0.000000] e820: [mem 0xc0000000-0xf7ffffff] available for PCI devices
[    0.000000] Booting paravirtualized kernel on bare hardware
[    0.000000] setup_percpu: NR_CPUS:256 nr_cpumask_bits:256 nr_cpu_ids:2 nr_node_ids:1
[    0.000000] PERCPU: Embedded 27 pages/cpu @ffff8800bd600000 s81408 r8192 d20992 u1048576
[    0.000000] pcpu-alloc: s81408 r8192 d20992 u1048576 alloc=1*2097152
[    0.000000] pcpu-alloc: [0] 0 1 
[    0.000000] Built 1 zonelists in Node order, mobility grouping on.  Total pages: 764637
[    0.000000] Policy zone: DMA32
[    0.000000] Kernel command line: BOOT_IMAGE=/boot/vmlinuz-3.16.0-38-generic root=UUID=62196a58-1317-4248-8528-ab3fabbd4209 ro quiet splash vt.handoff=7
[    0.000000] PID hash table entries: 4096 (order: 3, 32768 bytes)
[    0.000000] xsave: enabled xstate_bv 0x3, cntxt size 0x240
[    0.000000] AGP: Checking aperture...
[    0.000000] AGP: No AGP bridge found
[    0.000000] Calgary: detecting Calgary via BIOS EBDA area
[    0.000000] Calgary: Unable to locate Rio Grande table in EBDA - bailing!
[    0.000000] Memory: 3012580K/3107188K available (7626K kernel code, 1131K rwdata, 3596K rodata, 1352K init, 1300K bss, 94608K reserved)
[    0.000000] SLUB: HWalign=64, Order=0-3, MinObjects=0, CPUs=2, Nodes=1
[    0.000000] Hierarchical RCU implementation.
[    0.000000] 	RCU dyntick-idle grace-period acceleration is enabled.
[    0.000000] 	RCU restricting CPUs from NR_CPUS=256 to nr_cpu_ids=2.
[    0.000000] 	Offload RCU callbacks from all CPUs
[    0.000000] 	Offload RCU callbacks from CPUs: 0-1.
[    0.000000] RCU: Adjusting geometry for rcu_fanout_leaf=16, nr_cpu_ids=2
[    0.000000] NR_IRQS:16640 nr_irqs:512 16
[    0.000000] vt handoff: transparent VT on vt#7
[    0.000000] Console: colour dummy device 80x25
[    0.000000] console [tty0] enabled
[    0.000000] allocated 12582912 bytes of page_cgroup
[    0.000000] please try 'cgroup_disable=memory' option if you don't want memory cgroups
[    0.000000] hpet clockevent registered
[    0.000000] tsc: Fast TSC calibration using PIT
[    0.000000] tsc: Detected 2194.515 MHz processor
[    0.004016] Calibrating delay loop (skipped), value calculated using timer frequency.. 4389.03 BogoMIPS (lpj=8778060)
[    0.004020] pid_max: default: 32768 minimum: 301
[    0.004033] ACPI: Core revision 20140424
[    0.010521] ACPI: All ACPI Tables successfully acquired
[    0.012040] Security Framework initialized
[    0.012064] AppArmor: AppArmor initialized
[    0.012066] Yama: becoming mindful.
[    0.012473] Dentry cache hash table entries: 524288 (order: 10, 4194304 bytes)
[    0.017537] Inode-cache hash table entries: 262144 (order: 9, 2097152 bytes)
[    0.018601] Mount-cache hash table entries: 8192 (order: 4, 65536 bytes)
[    0.018610] Mountpoint-cache hash table entries: 8192 (order: 4, 65536 bytes)
[    0.018990] Initializing cgroup subsys memory
[    0.019026] Initializing cgroup subsys devices
[    0.019036] Initializing cgroup subsys freezer
[    0.019040] Initializing cgroup subsys net_cls
[    0.019046] Initializing cgroup subsys blkio
[    0.019052] Initializing cgroup subsys perf_event
[    0.019055] Initializing cgroup subsys net_prio
[    0.019065] Initializing cgroup subsys hugetlb
[    0.019096] mce: CPU supports 6 MCE banks
[    0.019105] CPU0: Thermal monitoring enabled (TM1)
[    0.019113] Last level iTLB entries: 4KB 128, 2MB 4, 4MB 4
[    0.019113] Last level dTLB entries: 4KB 256, 2MB 0, 4MB 32, 1GB 0
[    0.019113] tlb_flushall_shift: -1
[    0.029711] ftrace: allocating 29244 entries in 115 pages
[    0.040532] ..TIMER: vector=0x30 apic1=0 pin1=2 apic2=-1 pin2=-1
[    0.082474] smpboot: CPU0: Intel(R) Celeron(R) CPU          900  @ 2.20GHz (fam: 06, model: 17, stepping: 0a)
[    0.084000] Performance Events: PEBS fmt0+, 4-deep LBR, Core2 events, Intel PMU driver.
[    0.084000] ... version:                2
[    0.084000] ... bit width:              40
[    0.084000] ... generic registers:      2
[    0.084000] ... value mask:             000000ffffffffff
[    0.084000] ... max period:             000000007fffffff
[    0.084000] ... fixed-purpose events:   3
[    0.084000] ... event mask:             0000000700000003
[    0.084000] x86: Booted up 1 node, 1 CPUs
[    0.084000] smpboot: Total of 1 processors activated (4389.03 BogoMIPS)
[    0.084000] NMI watchdog: enabled on all CPUs, permanently consumes one hw-PMU counter.
[    0.084000] devtmpfs: initialized
[    0.093590] evm: security.selinux
[    0.093592] evm: security.SMACK64
[    0.093593] evm: security.SMACK64EXEC
[    0.093594] evm: security.SMACK64TRANSMUTE
[    0.093595] evm: security.SMACK64MMAP
[    0.093596] evm: security.ima
[    0.093597] evm: security.capability
[    0.093668] PM: Registering ACPI NVS region [mem 0xbdabf400-0xbdac13ff] (8192 bytes)
[    0.094860] pinctrl core: initialized pinctrl subsystem
[    0.094965] regulator-dummy: no parameters
[    0.095011] RTC time:  8:27:13, date: 11/25/15
[    0.095073] NET: Registered protocol family 16
[    0.095277] cpuidle: using governor ladder
[    0.095280] cpuidle: using governor menu
[    0.095340] ACPI: bus type PCI registered
[    0.095343] acpiphp: ACPI Hot Plug PCI Controller Driver version: 0.5
[    0.095426] PCI: MMCONFIG for domain 0000 [bus 00-3f] at [mem 0xf8000000-0xfbffffff] (base 0xf8000000)
[    0.095429] PCI: MMCONFIG at [mem 0xf8000000-0xfbffffff] reserved in E820
[    0.095559] PCI: Using configuration type 1 for base access
[    0.095566] dmi type 0xB1 record - unknown flag
[    0.097295] ACPI: Added _OSI(Module Device)
[    0.097298] ACPI: Added _OSI(Processor Device)
[    0.097300] ACPI: Added _OSI(3.0 _SCP Extensions)
[    0.097301] ACPI: Added _OSI(Processor Aggregator Device)
[    0.104082] [Firmware Bug]: ACPI: BIOS _OSI(Linux) query ignored
[    0.107362] ACPI: Interpreter enabled
[    0.107369] ACPI Exception: AE_NOT_FOUND, While evaluating Sleep State [\_S1_] (20140424/hwxface-580)
[    0.107374] ACPI Exception: AE_NOT_FOUND, While evaluating Sleep State [\_S2_] (20140424/hwxface-580)
[    0.107388] ACPI: (supports S0 S3 S4 S5)
[    0.107390] ACPI: Using IOAPIC for interrupt routing
[    0.107419] PCI: Using host bridge windows from ACPI; if necessary, use "pci=nocrs" and report a bug
[    0.175068] ACPI: PCI Root Bridge [PCI0] (domain 0000 [bus 00-ff])
[    0.175077] acpi PNP0A03:00: _OSC: OS supports [ExtendedConfig ASPM ClockPM Segments MSI]
[    0.175082] acpi PNP0A03:00: _OSC failed (AE_NOT_FOUND); disabling ASPM
[    0.201972] acpi PNP0A03:00: [Firmware Info]: MMCONFIG for domain 0000 [bus 00-3f] only partially covers this bridge
[    0.202159] PCI host bridge to bus 0000:00
[    0.202163] pci_bus 0000:00: root bus resource [bus 00-ff]
[    0.202165] pci_bus 0000:00: root bus resource [io  0x0000-0x0cf7]
[    0.202168] pci_bus 0000:00: root bus resource [io  0x0d00-0xffff]
[    0.202170] pci_bus 0000:00: root bus resource [mem 0x000a0000-0x000bffff]
[    0.202172] pci_bus 0000:00: root bus resource [mem 0x000d0000-0x000dffff]
[    0.202174] pci_bus 0000:00: root bus resource [mem 0xc0000000-0xf7ffffff]
[    0.202176] pci_bus 0000:00: root bus resource [mem 0xfc000000-0xfebfffff]
[    0.202178] pci_bus 0000:00: root bus resource [mem 0xfec10000-0xfecfffff]
[    0.202180] pci_bus 0000:00: root bus resource [mem 0xfed1c000-0xfed1ffff]
[    0.202182] pci_bus 0000:00: root bus resource [mem 0xfed90000-0xfed9ffff]
[    0.202184] pci_bus 0000:00: root bus resource [mem 0xfeda7000-0xfedfffff]
[    0.202186] pci_bus 0000:00: root bus resource [mem 0xfee10000-0xff9fffff]
[    0.202188] pci_bus 0000:00: root bus resource [mem 0xffc00000-0xffdfffff]
[    0.202198] pci 0000:00:00.0: [8086:2a40] type 00 class 0x060000
[    0.202222] DMAR: Forcing write-buffer flush capability
[    0.202225] DMAR: Disabling IOMMU for graphics on this chipset
[    0.202314] pci 0000:00:02.0: [8086:2a42] type 00 class 0x030000
[    0.202329] pci 0000:00:02.0: reg 0x10: [mem 0xf6c00000-0xf6ffffff 64bit]
[    0.202337] pci 0000:00:02.0: reg 0x18: [mem 0xe0000000-0xefffffff 64bit pref]
[    0.202344] pci 0000:00:02.0: reg 0x20: [io  0xefe8-0xefef]
[    0.202444] pci 0000:00:02.1: [8086:2a43] type 00 class 0x038000
[    0.202456] pci 0000:00:02.1: reg 0x10: [mem 0xf6b00000-0xf6bfffff 64bit]
[    0.202606] pci 0000:00:1a.0: [8086:2937] type 00 class 0x0c0300
[    0.202666] pci 0000:00:1a.0: reg 0x20: [io  0x6f60-0x6f7f]
[    0.205750] pci 0000:00:1a.0: System wakeup disabled by ACPI
[    0.205806] pci 0000:00:1a.1: [8086:2938] type 00 class 0x0c0300
[    0.205867] pci 0000:00:1a.1: reg 0x20: [io  0x6f80-0x6f9f]
[    0.208411] pci 0000:00:1a.1: System wakeup disabled by ACPI
[    0.208466] pci 0000:00:1a.2: [8086:2939] type 00 class 0x0c0300
[    0.208526] pci 0000:00:1a.2: reg 0x20: [io  0x6fa0-0x6fbf]
[    0.212413] pci 0000:00:1a.2: System wakeup disabled by ACPI
[    0.212480] pci 0000:00:1a.7: [8086:293c] type 00 class 0x0c0320
[    0.212508] pci 0000:00:1a.7: reg 0x10: [mem 0xfed1c400-0xfed1c7ff]
[    0.212624] pci 0000:00:1a.7: PME# supported from D0 D3hot D3cold
[    0.216060] pci 0000:00:1a.7: System wakeup disabled by ACPI
[    0.216122] pci 0000:00:1b.0: [8086:293e] type 00 class 0x040300
[    0.216147] pci 0000:00:1b.0: reg 0x10: [mem 0xf6afc000-0xf6afffff 64bit]
[    0.216261] pci 0000:00:1b.0: PME# supported from D0 D3hot D3cold
[    0.216313] pci 0000:00:1b.0: System wakeup disabled by ACPI
[    0.216364] pci 0000:00:1c.0: [8086:2940] type 01 class 0x060400
[    0.216485] pci 0000:00:1c.0: PME# supported from D0 D3hot D3cold
[    0.216538] pci 0000:00:1c.0: System wakeup disabled by ACPI
[    0.216591] pci 0000:00:1c.1: [8086:2942] type 01 class 0x060400
[    0.216710] pci 0000:00:1c.1: PME# supported from D0 D3hot D3cold
[    0.216763] pci 0000:00:1c.1: System wakeup disabled by ACPI
[    0.216815] pci 0000:00:1c.2: [8086:2944] type 01 class 0x060400
[    0.216933] pci 0000:00:1c.2: PME# supported from D0 D3hot D3cold
[    0.216986] pci 0000:00:1c.2: System wakeup disabled by ACPI
[    0.217038] pci 0000:00:1c.4: [8086:2948] type 01 class 0x060400
[    0.217157] pci 0000:00:1c.4: PME# supported from D0 D3hot D3cold
[    0.217209] pci 0000:00:1c.4: System wakeup disabled by ACPI
[    0.217263] pci 0000:00:1d.0: [8086:2934] type 00 class 0x0c0300
[    0.217324] pci 0000:00:1d.0: reg 0x20: [io  0x6f00-0x6f1f]
[    0.220412] pci 0000:00:1d.0: System wakeup disabled by ACPI
[    0.220469] pci 0000:00:1d.1: [8086:2935] type 00 class 0x0c0300
[    0.220529] pci 0000:00:1d.1: reg 0x20: [io  0x6f20-0x6f3f]
[    0.223546] pci 0000:00:1d.1: System wakeup disabled by ACPI
[    0.224020] pci 0000:00:1d.2: [8086:2936] type 00 class 0x0c0300
[    0.224080] pci 0000:00:1d.2: reg 0x20: [io  0x6f40-0x6f5f]
[    0.227117] pci 0000:00:1d.2: System wakeup disabled by ACPI
[    0.227183] pci 0000:00:1d.7: [8086:293a] type 00 class 0x0c0320
[    0.227211] pci 0000:00:1d.7: reg 0x10: [mem 0xfed1c000-0xfed1c3ff]
[    0.227328] pci 0000:00:1d.7: PME# supported from D0 D3hot D3cold
[    0.230704] pci 0000:00:1d.7: System wakeup disabled by ACPI
[    0.230762] pci 0000:00:1e.0: [8086:2448] type 01 class 0x060401
[    0.230876] pci 0000:00:1e.0: System wakeup disabled by ACPI
[    0.230930] pci 0000:00:1f.0: [8086:2919] type 00 class 0x060100
[    0.231164] pci 0000:00:1f.2: [8086:2929] type 00 class 0x010601
[    0.231194] pci 0000:00:1f.2: reg 0x10: [io  0x6e70-0x6e77]
[    0.231206] pci 0000:00:1f.2: reg 0x14: [io  0x6e78-0x6e7b]
[    0.231218] pci 0000:00:1f.2: reg 0x18: [io  0x6e80-0x6e87]
[    0.231230] pci 0000:00:1f.2: reg 0x1c: [io  0x6e88-0x6e8b]
[    0.231242] pci 0000:00:1f.2: reg 0x20: [io  0x6ea0-0x6ebf]
[    0.231255] pci 0000:00:1f.2: reg 0x24: [mem 0xfed1c800-0xfed1cfff]
[    0.231328] pci 0000:00:1f.2: PME# supported from D3hot
[    0.231421] pci 0000:00:1f.3: [8086:2930] type 00 class 0x0c0500
[    0.231444] pci 0000:00:1f.3: reg 0x10: [mem 0xf6afbf00-0xf6afbfff 64bit]
[    0.231475] pci 0000:00:1f.3: reg 0x20: [io  0x1100-0x111f]
[    0.231657] pci 0000:00:1c.0: PCI bridge to [bus 0b]
[    0.232073] pci 0000:0c:00.0: [14e4:4315] type 00 class 0x028000
[    0.232152] pci 0000:0c:00.0: reg 0x10: [mem 0xf69fc000-0xf69fffff 64bit]
[    0.232595] pci 0000:0c:00.0: supports D1 D2
[    0.232597] pci 0000:0c:00.0: PME# supported from D0 D3hot D3cold
[    0.232997] pci 0000:00:1c.1: PCI bridge to [bus 0c]
[    0.233005] pci 0000:00:1c.1:   bridge window [mem 0xf6900000-0xf69fffff]
[    0.233262] pci 0000:09:00.0: [11ab:4354] type 00 class 0x020000
[    0.233470] pci 0000:09:00.0: reg 0x10: [mem 0xf68fc000-0xf68fffff 64bit]
[    0.233570] pci 0000:09:00.0: reg 0x18: [io  0xde00-0xdeff]
[    0.234471] pci 0000:09:00.0: supports D1 D2
[    0.234473] pci 0000:09:00.0: PME# supported from D0 D1 D2 D3hot D3cold
[    0.240085] pci 0000:00:1c.2: PCI bridge to [bus 09]
[    0.240091] pci 0000:00:1c.2:   bridge window [io  0xd000-0xdfff]
[    0.240096] pci 0000:00:1c.2:   bridge window [mem 0xf6800000-0xf68fffff]
[    0.240210] acpiphp: Slot [1] registered
[    0.240217] pci 0000:00:1c.4: PCI bridge to [bus 0d-0e]
[    0.240222] pci 0000:00:1c.4:   bridge window [io  0xc000-0xcfff]
[    0.240227] pci 0000:00:1c.4:   bridge window [mem 0xf6600000-0xf67fffff]
[    0.240235] pci 0000:00:1c.4:   bridge window [mem 0xf0000000-0xf01fffff 64bit pref]
[    0.240347] pci 0000:00:1e.0: PCI bridge to [bus 03] (subtractive decode)
[    0.240361] pci 0000:00:1e.0:   bridge window [io  0x0000-0x0cf7] (subtractive decode)
[    0.240363] pci 0000:00:1e.0:   bridge window [io  0x0d00-0xffff] (subtractive decode)
[    0.240366] pci 0000:00:1e.0:   bridge window [mem 0x000a0000-0x000bffff] (subtractive decode)
[    0.240368] pci 0000:00:1e.0:   bridge window [mem 0x000d0000-0x000dffff] (subtractive decode)
[    0.240370] pci 0000:00:1e.0:   bridge window [mem 0xc0000000-0xf7ffffff] (subtractive decode)
[    0.240372] pci 0000:00:1e.0:   bridge window [mem 0xfc000000-0xfebfffff] (subtractive decode)
[    0.240375] pci 0000:00:1e.0:   bridge window [mem 0xfec10000-0xfecfffff] (subtractive decode)
[    0.240377] pci 0000:00:1e.0:   bridge window [mem 0xfed1c000-0xfed1ffff] (subtractive decode)
[    0.240379] pci 0000:00:1e.0:   bridge window [mem 0xfed90000-0xfed9ffff] (subtractive decode)
[    0.240381] pci 0000:00:1e.0:   bridge window [mem 0xfeda7000-0xfedfffff] (subtractive decode)
[    0.240384] pci 0000:00:1e.0:   bridge window [mem 0xfee10000-0xff9fffff] (subtractive decode)
[    0.240386] pci 0000:00:1e.0:   bridge window [mem 0xffc00000-0xffdfffff] (subtractive decode)
[    0.241010] ACPI: PCI Interrupt Link [LNKA] (IRQs *10 11)
[    0.241088] ACPI: PCI Interrupt Link [LNKB] (IRQs 5 7) *4
[    0.241163] ACPI: PCI Interrupt Link [LNKC] (IRQs *10 11)
[    0.241228] ACPI: PCI Interrupt Link [LNKD] (IRQs 5 7 10 11) *0, disabled.
[    0.241303] ACPI: PCI Interrupt Link [LNKE] (IRQs 3 4 5 6 7 10 *11 12 14 15)
[    0.241379] ACPI: PCI Interrupt Link [LNKF] (IRQs 3 4 5 6 *7 10 11 12 14 15)
[    0.241455] ACPI: PCI Interrupt Link [LNKG] (IRQs 3 4 *5 6 7 10 11 12 14 15)
[    0.241521] ACPI: PCI Interrupt Link [LNKH] (IRQs 3 4 5 6 7 10 11 12 14 15) *0, disabled.
[    0.241763] ACPI: Enabled 4 GPEs in block 00 to 3F
[    0.241909] vgaarb: setting as boot device: PCI:0000:00:02.0
[    0.241912] vgaarb: device added: PCI:0000:00:02.0,decodes=io+mem,owns=io+mem,locks=none
[    0.241916] vgaarb: loaded
[    0.241917] vgaarb: bridge control possible 0000:00:02.0
[    0.242208] SCSI subsystem initialized
[    0.242267] libata version 3.00 loaded.
[    0.242298] ACPI: bus type USB registered
[    0.242325] usbcore: registered new interface driver usbfs
[    0.242337] usbcore: registered new interface driver hub
[    0.242359] usbcore: registered new device driver usb
[    0.242501] PCI: Using ACPI for IRQ routing
[    0.244890] PCI: pci_cache_line_size set to 64 bytes
[    0.245387] e820: reserve RAM buffer [mem 0x0009f000-0x0009ffff]
[    0.245389] e820: reserve RAM buffer [mem 0xbdabf400-0xbfffffff]
[    0.245526] NetLabel: Initializing
[    0.245528] NetLabel:  domain hash size = 128
[    0.245529] NetLabel:  protocols = UNLABELED CIPSOv4
[    0.245550] NetLabel:  unlabeled traffic allowed by default
[    0.245642] HPET: 4 timers in total, 0 timers will be used for per-cpu timer
[    0.245649] hpet0: at MMIO 0xfed00000, IRQs 2, 8, 0, 0
[    0.245653] hpet0: 4 comparators, 64-bit 14.318180 MHz counter
[    0.247732] Switched to clocksource hpet
[    0.251644] AppArmor: AppArmor Filesystem Enabled
[    0.251702] pnp: PnP ACPI init
[    0.251723] ACPI: bus type PNP registered
[    0.251826] pnp 00:00: Plug and Play ACPI device, IDs PNP0f13 (active)
[    0.251865] pnp 00:01: Plug and Play ACPI device, IDs PNP0303 (active)
[    0.251906] pnp 00:02: Plug and Play ACPI device, IDs PNP0b00 (active)
[    0.251977] system 00:03: Plug and Play ACPI device, IDs PNP0c01 (active)
[    0.252096] system 00:04: [mem 0xfed00000-0xfed003ff] has been reserved
[    0.252100] system 00:04: Plug and Play ACPI device, IDs PNP0103 PNP0c01 (active)
[    0.252255] system 00:05: [io  0x0900-0x097f] has been reserved
[    0.252259] system 00:05: [io  0x04d0-0x04d1] has been reserved
[    0.252261] system 00:05: [io  0x1000-0x1005] has been reserved
[    0.252264] system 00:05: [io  0x1008-0x100f] has been reserved
[    0.252267] system 00:05: Plug and Play ACPI device, IDs PNP0c01 (active)
[    0.252319] system 00:06: [io  0xf400-0xf4fe] has been reserved
[    0.252322] system 00:06: [io  0x1006-0x1007] has been reserved
[    0.252324] system 00:06: [io  0x100a-0x1059] could not be reserved
[    0.252327] system 00:06: [io  0x1060-0x107f] has been reserved
[    0.252329] system 00:06: [io  0x1080-0x10bf] has been reserved
[    0.252331] system 00:06: [io  0x1100-0x111f] has been reserved
[    0.252334] system 00:06: [io  0x1010-0x102f] could not be reserved
[    0.252337] system 00:06: [io  0x0809] has been reserved
[    0.252340] system 00:06: Plug and Play ACPI device, IDs PNP0c01 (active)
[    0.266599] system 00:07: [mem 0x00000000-0x0009efff] could not be reserved
[    0.266603] system 00:07: [mem 0x0009f000-0x0009ffff] could not be reserved
[    0.266606] system 00:07: [mem 0x000c0000-0x000cffff] could not be reserved
[    0.266608] system 00:07: [mem 0x000e0000-0x000fffff] could not be reserved
[    0.266611] system 00:07: [mem 0x00100000-0xbdabf3ff] could not be reserved
[    0.266613] system 00:07: [mem 0xbdabf400-0xbdafffff] could not be reserved
[    0.266616] system 00:07: [mem 0xbdb00000-0xbdbfffff] has been reserved
[    0.266619] system 00:07: [mem 0xffe00000-0xffffffff] has been reserved
[    0.266621] system 00:07: [mem 0xffa00000-0xffbfffff] has been reserved
[    0.266624] system 00:07: [mem 0xfec00000-0xfec0ffff] could not be reserved
[    0.266626] system 00:07: [mem 0xfee00000-0xfee0ffff] has been reserved
[    0.266629] system 00:07: [mem 0xfed20000-0xfed8ffff] has been reserved
[    0.266631] system 00:07: [mem 0xfeda0000-0xfeda3fff] has been reserved
[    0.266633] system 00:07: [mem 0xfeda4000-0xfeda4fff] has been reserved
[    0.266636] system 00:07: [mem 0xfeda5000-0xfeda5fff] has been reserved
[    0.266638] system 00:07: [mem 0xfeda6000-0xfeda6fff] has been reserved
[    0.266641] system 00:07: [mem 0xfed1c800-0xfed1cfff] has been reserved
[    0.266643] system 00:07: [mem 0xfed18000-0xfed1bfff] has been reserved
[    0.266646] system 00:07: [mem 0xf8000000-0xfbffffff] has been reserved
[    0.266649] system 00:07: Plug and Play ACPI device, IDs PNP0c01 (active)
[    0.266682] pnp: PnP ACPI: found 8 devices
[    0.266683] ACPI: bus type PNP unregistered
[    0.273128] pci 0000:00:1c.0: bridge window [io  0x1000-0x0fff] to [bus 0b] add_size 1000
[    0.273133] pci 0000:00:1c.0: bridge window [mem 0x00100000-0x000fffff 64bit pref] to [bus 0b] add_size 200000
[    0.273136] pci 0000:00:1c.0: bridge window [mem 0x00100000-0x000fffff] to [bus 0b] add_size 200000
[    0.273147] pci 0000:00:1c.1: bridge window [io  0x1000-0x0fff] to [bus 0c] add_size 1000
[    0.273150] pci 0000:00:1c.1: bridge window [mem 0x00100000-0x000fffff 64bit pref] to [bus 0c] add_size 200000
[    0.273162] pci 0000:00:1c.2: bridge window [mem 0x00100000-0x000fffff 64bit pref] to [bus 09] add_size 200000
[    0.273190] pci 0000:00:1c.0: res[14]=[mem 0x00100000-0x000fffff] get_res_add_size add_size 200000
[    0.273193] pci 0000:00:1c.0: res[15]=[mem 0x00100000-0x000fffff 64bit pref] get_res_add_size add_size 200000
[    0.273195] pci 0000:00:1c.1: res[15]=[mem 0x00100000-0x000fffff 64bit pref] get_res_add_size add_size 200000
[    0.273198] pci 0000:00:1c.2: res[15]=[mem 0x00100000-0x000fffff 64bit pref] get_res_add_size add_size 200000
[    0.273200] pci 0000:00:1c.0: res[13]=[io  0x1000-0x0fff] get_res_add_size add_size 1000
[    0.273203] pci 0000:00:1c.1: res[13]=[io  0x1000-0x0fff] get_res_add_size add_size 1000
[    0.273209] pci 0000:00:1c.0: BAR 14: assigned [mem 0xc0000000-0xc01fffff]
[    0.273216] pci 0000:00:1c.0: BAR 15: assigned [mem 0xc0200000-0xc03fffff 64bit pref]
[    0.273222] pci 0000:00:1c.1: BAR 15: assigned [mem 0xc0400000-0xc05fffff 64bit pref]
[    0.273229] pci 0000:00:1c.2: BAR 15: assigned [mem 0xc0600000-0xc07fffff 64bit pref]
[    0.273233] pci 0000:00:1c.0: BAR 13: assigned [io  0x2000-0x2fff]
[    0.273236] pci 0000:00:1c.1: BAR 13: assigned [io  0x3000-0x3fff]
[    0.273239] pci 0000:00:1c.0: PCI bridge to [bus 0b]
[    0.273243] pci 0000:00:1c.0:   bridge window [io  0x2000-0x2fff]
[    0.273250] pci 0000:00:1c.0:   bridge window [mem 0xc0000000-0xc01fffff]
[    0.273255] pci 0000:00:1c.0:   bridge window [mem 0xc0200000-0xc03fffff 64bit pref]
[    0.273263] pci 0000:00:1c.1: PCI bridge to [bus 0c]
[    0.273266] pci 0000:00:1c.1:   bridge window [io  0x3000-0x3fff]
[    0.273272] pci 0000:00:1c.1:   bridge window [mem 0xf6900000-0xf69fffff]
[    0.273277] pci 0000:00:1c.1:   bridge window [mem 0xc0400000-0xc05fffff 64bit pref]
[    0.273285] pci 0000:00:1c.2: PCI bridge to [bus 09]
[    0.273288] pci 0000:00:1c.2:   bridge window [io  0xd000-0xdfff]
[    0.273295] pci 0000:00:1c.2:   bridge window [mem 0xf6800000-0xf68fffff]
[    0.273300] pci 0000:00:1c.2:   bridge window [mem 0xc0600000-0xc07fffff 64bit pref]
[    0.273307] pci 0000:00:1c.4: PCI bridge to [bus 0d-0e]
[    0.273311] pci 0000:00:1c.4:   bridge window [io  0xc000-0xcfff]
[    0.273317] pci 0000:00:1c.4:   bridge window [mem 0xf6600000-0xf67fffff]
[    0.273322] pci 0000:00:1c.4:   bridge window [mem 0xf0000000-0xf01fffff 64bit pref]
[    0.273330] pci 0000:00:1e.0: PCI bridge to [bus 03]
[    0.273345] pci_bus 0000:00: resource 4 [io  0x0000-0x0cf7]
[    0.273347] pci_bus 0000:00: resource 5 [io  0x0d00-0xffff]
[    0.273350] pci_bus 0000:00: resource 6 [mem 0x000a0000-0x000bffff]
[    0.273352] pci_bus 0000:00: resource 7 [mem 0x000d0000-0x000dffff]
[    0.273354] pci_bus 0000:00: resource 8 [mem 0xc0000000-0xf7ffffff]
[    0.273356] pci_bus 0000:00: resource 9 [mem 0xfc000000-0xfebfffff]
[    0.273358] pci_bus 0000:00: resource 10 [mem 0xfec10000-0xfecfffff]
[    0.273360] pci_bus 0000:00: resource 11 [mem 0xfed1c000-0xfed1ffff]
[    0.273362] pci_bus 0000:00: resource 12 [mem 0xfed90000-0xfed9ffff]
[    0.273364] pci_bus 0000:00: resource 13 [mem 0xfeda7000-0xfedfffff]
[    0.273366] pci_bus 0000:00: resource 14 [mem 0xfee10000-0xff9fffff]
[    0.273368] pci_bus 0000:00: resource 15 [mem 0xffc00000-0xffdfffff]
[    0.273371] pci_bus 0000:0b: resource 0 [io  0x2000-0x2fff]
[    0.273373] pci_bus 0000:0b: resource 1 [mem 0xc0000000-0xc01fffff]
[    0.273375] pci_bus 0000:0b: resource 2 [mem 0xc0200000-0xc03fffff 64bit pref]
[    0.273377] pci_bus 0000:0c: resource 0 [io  0x3000-0x3fff]
[    0.273379] pci_bus 0000:0c: resource 1 [mem 0xf6900000-0xf69fffff]
[    0.273381] pci_bus 0000:0c: resource 2 [mem 0xc0400000-0xc05fffff 64bit pref]
[    0.273384] pci_bus 0000:09: resource 0 [io  0xd000-0xdfff]
[    0.273386] pci_bus 0000:09: resource 1 [mem 0xf6800000-0xf68fffff]
[    0.273388] pci_bus 0000:09: resource 2 [mem 0xc0600000-0xc07fffff 64bit pref]
[    0.273390] pci_bus 0000:0d: resource 0 [io  0xc000-0xcfff]
[    0.273392] pci_bus 0000:0d: resource 1 [mem 0xf6600000-0xf67fffff]
[    0.273395] pci_bus 0000:0d: resource 2 [mem 0xf0000000-0xf01fffff 64bit pref]
[    0.273397] pci_bus 0000:03: resource 4 [io  0x0000-0x0cf7]
[    0.273399] pci_bus 0000:03: resource 5 [io  0x0d00-0xffff]
[    0.273401] pci_bus 0000:03: resource 6 [mem 0x000a0000-0x000bffff]
[    0.273403] pci_bus 0000:03: resource 7 [mem 0x000d0000-0x000dffff]
[    0.273406] pci_bus 0000:03: resource 8 [mem 0xc0000000-0xf7ffffff]
[    0.273408] pci_bus 0000:03: resource 9 [mem 0xfc000000-0xfebfffff]
[    0.273410] pci_bus 0000:03: resource 10 [mem 0xfec10000-0xfecfffff]
[    0.273412] pci_bus 0000:03: resource 11 [mem 0xfed1c000-0xfed1ffff]
[    0.273414] pci_bus 0000:03: resource 12 [mem 0xfed90000-0xfed9ffff]
[    0.273416] pci_bus 0000:03: resource 13 [mem 0xfeda7000-0xfedfffff]
[    0.273418] pci_bus 0000:03: resource 14 [mem 0xfee10000-0xff9fffff]
[    0.273420] pci_bus 0000:03: resource 15 [mem 0xffc00000-0xffdfffff]
[    0.273455] NET: Registered protocol family 2
[    0.273702] TCP established hash table entries: 32768 (order: 6, 262144 bytes)
[    0.273831] TCP bind hash table entries: 32768 (order: 7, 524288 bytes)
[    0.274012] TCP: Hash tables configured (established 32768 bind 32768)
[    0.274073] TCP: reno registered
[    0.274082] UDP hash table entries: 2048 (order: 4, 65536 bytes)
[    0.274110] UDP-Lite hash table entries: 2048 (order: 4, 65536 bytes)
[    0.274235] NET: Registered protocol family 1
[    0.274261] pci 0000:00:02.0: Video device with shadowed ROM
[    0.276445] PCI: CLS 64 bytes, default 64
[    0.276558] Trying to unpack rootfs image as initramfs...
[    0.854203] Freeing initrd memory: 28740K (ffff8800347ce000 - ffff8800363df000)
[    0.854461] microcode: CPU0 sig=0x1067a, pf=0x80, revision=0xa07
[    0.854527] microcode: Microcode Update Driver: v2.00 <tigran@aivazian.fsnet.co.uk>, Peter Oruba
[    0.854554] Scanning for low memory corruption every 60 seconds
[    0.854867] futex hash table entries: 512 (order: 3, 32768 bytes)
[    0.854893] Initialise system trusted keyring
[    0.854920] audit: initializing netlink subsys (disabled)
[    0.854943] audit: type=2000 audit(1448440033.852:1): initialized
[    0.855292] HugeTLB registered 2 MB page size, pre-allocated 0 pages
[    0.857205] zpool: loaded
[    0.857207] zbud: loaded
[    0.857386] VFS: Disk quotas dquot_6.5.2
[    0.857433] Dquot-cache hash table entries: 512 (order 0, 4096 bytes)
[    0.858006] fuse init (API version 7.23)
[    0.858110] msgmni has been set to 5940
[    0.858188] Key type big_key registered
[    0.858467] Key type asymmetric registered
[    0.858470] Asymmetric key parser 'x509' registered
[    0.858519] Block layer SCSI generic (bsg) driver version 0.4 loaded (major 252)
[    0.858566] io scheduler noop registered
[    0.858569] io scheduler deadline registered (default)
[    0.858627] io scheduler cfq registered
[    0.858742] pcieport 0000:00:1c.0: device [8086:2940] has invalid IRQ; check vendor BIOS
[    0.858931] pcieport 0000:00:1c.0: irq 40 for MSI/MSI-X
[    0.859028] pcieport 0000:00:1c.1: device [8086:2942] has invalid IRQ; check vendor BIOS
[    0.859163] pcieport 0000:00:1c.1: irq 41 for MSI/MSI-X
[    0.859248] pcieport 0000:00:1c.2: device [8086:2944] has invalid IRQ; check vendor BIOS
[    0.859378] pcieport 0000:00:1c.2: irq 42 for MSI/MSI-X
[    0.859467] pcieport 0000:00:1c.4: device [8086:2948] has invalid IRQ; check vendor BIOS
[    0.859601] pcieport 0000:00:1c.4: irq 43 for MSI/MSI-X
[    0.859719] pci_hotplug: PCI Hot Plug PCI Core version: 0.5
[    0.859739] pciehp: PCI Express Hot Plug Controller Driver version: 0.4
[    0.859798] vesafb: mode is 1024x768x32, linelength=4096, pages=0
[    0.859799] vesafb: scrolling: redraw
[    0.859801] vesafb: Truecolor: size=8:8:8:8, shift=24:16:8:0
[    0.859806] mtrr: type mismatch for e0000000,400000 old: write-back new: write-combining
[    0.859808] mtrr: type mismatch for e0000000,200000 old: write-back new: write-combining
[    0.859811] mtrr: type mismatch for e0000000,100000 old: write-back new: write-combining
[    0.859813] mtrr: type mismatch for e0000000,80000 old: write-back new: write-combining
[    0.859815] mtrr: type mismatch for e0000000,40000 old: write-back new: write-combining
[    0.859817] mtrr: type mismatch for e0000000,20000 old: write-back new: write-combining
[    0.859819] mtrr: type mismatch for e0000000,10000 old: write-back new: write-combining
[    0.859821] mtrr: type mismatch for e0000000,8000 old: write-back new: write-combining
[    0.859823] mtrr: type mismatch for e0000000,4000 old: write-back new: write-combining
[    0.859825] mtrr: type mismatch for e0000000,2000 old: write-back new: write-combining
[    0.859827] mtrr: type mismatch for e0000000,1000 old: write-back new: write-combining
[    0.859846] vesafb: framebuffer at 0xe0000000, mapped to 0xffffc90004780000, using 3072k, total 3072k
[    0.859959] Console: switching to colour frame buffer device 128x48
[    0.859982] fb0: VESA VGA frame buffer device
[    0.860039] intel_idle: does not run on family 6 model 23
[    0.860163] ACPI: AC Adapter [AC] (on-line)
[    0.860278] input: Lid Switch as /devices/LNXSYSTM:00/LNXSYBUS:00/PNP0C0D:00/input/input0
[    0.861590] ACPI: Lid Switch [LID]
[    0.861640] input: Power Button as /devices/LNXSYSTM:00/LNXSYBUS:00/PNP0C0C:00/input/input1
[    0.861643] ACPI: Power Button [PBTN]
[    0.861689] input: Sleep Button as /devices/LNXSYSTM:00/LNXSYBUS:00/PNP0C0E:00/input/input2
[    0.861692] ACPI: Sleep Button [SBTN]
[    0.861792] Monitor-Mwait will be used to enter C-1 state
[    0.861801] Monitor-Mwait will be used to enter C-2 state
[    0.861805] tsc: Marking TSC unstable due to TSC halts in idle
[    0.861810] ACPI: acpi_idle registered with cpuidle
[    0.874940] thermal LNXTHERM:00: registered as thermal_zone0
[    0.874943] ACPI: Thermal Zone [THM] (52 C)
[    0.880219] GHES: HEST is not enabled!
[    0.880341] Serial: 8250/16550 driver, 32 ports, IRQ sharing enabled
[    0.909504] Linux agpgart interface v0.103
[    0.909561] agpgart-intel 0000:00:00.0: Intel GM45 Chipset
[    0.909581] agpgart-intel 0000:00:00.0: detected gtt size: 2097152K total, 262144K mappable
[    0.909739] agpgart-intel 0000:00:00.0: detected 32768K stolen memory
[    0.909862] agpgart-intel 0000:00:00.0: AGP aperture is 256M @ 0xe0000000
[    0.911228] brd: module loaded
[    0.911950] loop: module loaded
[    0.912250] libphy: Fixed MDIO Bus: probed
[    0.912254] tun: Universal TUN/TAP device driver, 1.6
[    0.912256] tun: (C) 1999-2004 Max Krasnyansky <maxk@qualcomm.com>
[    0.912308] PPP generic driver version 2.4.2
[    0.912358] ehci_hcd: USB 2.0 'Enhanced' Host Controller (EHCI) Driver
[    0.912363] ehci-pci: EHCI PCI platform driver
[    0.912562] ehci-pci 0000:00:1a.7: EHCI Host Controller
[    0.912570] ehci-pci 0000:00:1a.7: new USB bus registered, assigned bus number 1
[    0.912588] ehci-pci 0000:00:1a.7: debug port 1
[    0.916486] ehci-pci 0000:00:1a.7: cache line size of 64 is not supported
[    0.920036] ehci-pci 0000:00:1a.7: irq 22, io mem 0xfed1c400
[    0.923664] ACPI: Battery Slot [BAT0] (battery present)
[    0.932025] ehci-pci 0000:00:1a.7: USB 2.0 started, EHCI 1.00
[    0.932099] usb usb1: New USB device found, idVendor=1d6b, idProduct=0002
[    0.932102] usb usb1: New USB device strings: Mfr=3, Product=2, SerialNumber=1
[    0.932104] usb usb1: Product: EHCI Host Controller
[    0.932106] usb usb1: Manufacturer: Linux 3.16.0-38-generic ehci_hcd
[    0.932108] usb usb1: SerialNumber: 0000:00:1a.7
[    0.932246] hub 1-0:1.0: USB hub found
[    0.932256] hub 1-0:1.0: 6 ports detected
[    0.932614] ehci-pci 0000:00:1d.7: EHCI Host Controller
[    0.932621] ehci-pci 0000:00:1d.7: new USB bus registered, assigned bus number 2
[    0.932636] ehci-pci 0000:00:1d.7: debug port 1
[    0.936534] ehci-pci 0000:00:1d.7: cache line size of 64 is not supported
[    0.936558] ehci-pci 0000:00:1d.7: irq 20, io mem 0xfed1c000
[    0.948021] ehci-pci 0000:00:1d.7: USB 2.0 started, EHCI 1.00
[    0.948067] usb usb2: New USB device found, idVendor=1d6b, idProduct=0002
[    0.948070] usb usb2: New USB device strings: Mfr=3, Product=2, SerialNumber=1
[    0.948072] usb usb2: Product: EHCI Host Controller
[    0.948074] usb usb2: Manufacturer: Linux 3.16.0-38-generic ehci_hcd
[    0.948076] usb usb2: SerialNumber: 0000:00:1d.7
[    0.948211] hub 2-0:1.0: USB hub found
[    0.948219] hub 2-0:1.0: 6 ports detected
[    0.948452] ehci-platform: EHCI generic platform driver
[    0.948469] ohci_hcd: USB 1.1 'Open' Host Controller (OHCI) Driver
[    0.948476] ohci-pci: OHCI PCI platform driver
[    0.948493] ohci-platform: OHCI generic platform driver
[    0.948502] uhci_hcd: USB Universal Host Controller Interface driver
[    0.948661] uhci_hcd 0000:00:1a.0: UHCI Host Controller
[    0.948668] uhci_hcd 0000:00:1a.0: new USB bus registered, assigned bus number 3
[    0.948676] uhci_hcd 0000:00:1a.0: detected 2 ports
[    0.948699] uhci_hcd 0000:00:1a.0: irq 20, io base 0x00006f60
[    0.948753] usb usb3: New USB device found, idVendor=1d6b, idProduct=0001
[    0.948756] usb usb3: New USB device strings: Mfr=3, Product=2, SerialNumber=1
[    0.948758] usb usb3: Product: UHCI Host Controller
[    0.948760] usb usb3: Manufacturer: Linux 3.16.0-38-generic uhci_hcd
[    0.948762] usb usb3: SerialNumber: 0000:00:1a.0
[    0.948882] hub 3-0:1.0: USB hub found
[    0.948889] hub 3-0:1.0: 2 ports detected
[    0.949135] uhci_hcd 0000:00:1a.1: UHCI Host Controller
[    0.949142] uhci_hcd 0000:00:1a.1: new USB bus registered, assigned bus number 4
[    0.949150] uhci_hcd 0000:00:1a.1: detected 2 ports
[    0.949184] uhci_hcd 0000:00:1a.1: irq 21, io base 0x00006f80
[    0.949238] usb usb4: New USB device found, idVendor=1d6b, idProduct=0001
[    0.949241] usb usb4: New USB device strings: Mfr=3, Product=2, SerialNumber=1
[    0.949243] usb usb4: Product: UHCI Host Controller
[    0.949245] usb usb4: Manufacturer: Linux 3.16.0-38-generic uhci_hcd
[    0.949247] usb usb4: SerialNumber: 0000:00:1a.1
[    0.949366] hub 4-0:1.0: USB hub found
[    0.949374] hub 4-0:1.0: 2 ports detected
[    0.949629] uhci_hcd 0000:00:1a.2: UHCI Host Controller
[    0.949635] uhci_hcd 0000:00:1a.2: new USB bus registered, assigned bus number 5
[    0.949643] uhci_hcd 0000:00:1a.2: detected 2 ports
[    0.949666] uhci_hcd 0000:00:1a.2: irq 22, io base 0x00006fa0
[    0.949718] usb usb5: New USB device found, idVendor=1d6b, idProduct=0001
[    0.949720] usb usb5: New USB device strings: Mfr=3, Product=2, SerialNumber=1
[    0.949722] usb usb5: Product: UHCI Host Controller
[    0.949725] usb usb5: Manufacturer: Linux 3.16.0-38-generic uhci_hcd
[    0.949727] usb usb5: SerialNumber: 0000:00:1a.2
[    0.949847] hub 5-0:1.0: USB hub found
[    0.949855] hub 5-0:1.0: 2 ports detected
[    0.950095] uhci_hcd 0000:00:1d.0: UHCI Host Controller
[    0.950102] uhci_hcd 0000:00:1d.0: new USB bus registered, assigned bus number 6
[    0.950111] uhci_hcd 0000:00:1d.0: detected 2 ports
[    0.950135] uhci_hcd 0000:00:1d.0: irq 20, io base 0x00006f00
[    0.950190] usb usb6: New USB device found, idVendor=1d6b, idProduct=0001
[    0.950193] usb usb6: New USB device strings: Mfr=3, Product=2, SerialNumber=1
[    0.950195] usb usb6: Product: UHCI Host Controller
[    0.950197] usb usb6: Manufacturer: Linux 3.16.0-38-generic uhci_hcd
[    0.950199] usb usb6: SerialNumber: 0000:00:1d.0
[    0.950318] hub 6-0:1.0: USB hub found
[    0.950326] hub 6-0:1.0: 2 ports detected
[    0.950564] uhci_hcd 0000:00:1d.1: UHCI Host Controller
[    0.950571] uhci_hcd 0000:00:1d.1: new USB bus registered, assigned bus number 7
[    0.950579] uhci_hcd 0000:00:1d.1: detected 2 ports
[    0.950601] uhci_hcd 0000:00:1d.1: irq 21, io base 0x00006f20
[    0.950654] usb usb7: New USB device found, idVendor=1d6b, idProduct=0001
[    0.950656] usb usb7: New USB device strings: Mfr=3, Product=2, SerialNumber=1
[    0.950659] usb usb7: Product: UHCI Host Controller
[    0.950661] usb usb7: Manufacturer: Linux 3.16.0-38-generic uhci_hcd
[    0.950663] usb usb7: SerialNumber: 0000:00:1d.1
[    0.950781] hub 7-0:1.0: USB hub found
[    0.950788] hub 7-0:1.0: 2 ports detected
[    0.951027] uhci_hcd 0000:00:1d.2: UHCI Host Controller
[    0.951033] uhci_hcd 0000:00:1d.2: new USB bus registered, assigned bus number 8
[    0.951041] uhci_hcd 0000:00:1d.2: detected 2 ports
[    0.951064] uhci_hcd 0000:00:1d.2: irq 22, io base 0x00006f40
[    0.951117] usb usb8: New USB device found, idVendor=1d6b, idProduct=0001
[    0.951120] usb usb8: New USB device strings: Mfr=3, Product=2, SerialNumber=1
[    0.951122] usb usb8: Product: UHCI Host Controller
[    0.951124] usb usb8: Manufacturer: Linux 3.16.0-38-generic uhci_hcd
[    0.951126] usb usb8: SerialNumber: 0000:00:1d.2
[    0.951249] hub 8-0:1.0: USB hub found
[    0.951256] hub 8-0:1.0: 2 ports detected
[    0.951450] i8042: PNP: PS/2 Controller [PNP0303:KBC,PNP0f13:PS2M] at 0x60,0x64 irq 1,12
[    0.985875] i8042: Detected active multiplexing controller, rev 1.1
[    1.007045] serio: i8042 KBD port at 0x60,0x64 irq 1
[    1.007051] serio: i8042 AUX0 port at 0x60,0x64 irq 12
[    1.007085] serio: i8042 AUX1 port at 0x60,0x64 irq 12
[    1.007110] serio: i8042 AUX2 port at 0x60,0x64 irq 12
[    1.007138] serio: i8042 AUX3 port at 0x60,0x64 irq 12
[    1.007277] mousedev: PS/2 mouse device common for all mice
[    1.008856] rtc_cmos 00:02: RTC can wake from S4
[    1.009015] rtc_cmos 00:02: rtc core: registered rtc_cmos as rtc0
[    1.009049] rtc_cmos 00:02: alarms up to one month, y3k, 114 bytes nvram, hpet irqs
[    1.009138] device-mapper: uevent: version 1.0.3
[    1.009221] device-mapper: ioctl: 4.27.0-ioctl (2013-10-30) initialised: dm-devel@redhat.com
[    1.009243] ledtrig-cpu: registered to indicate activity on CPUs
[    1.009361] TCP: cubic registered
[    1.009501] NET: Registered protocol family 10
[    1.009761] NET: Registered protocol family 17
[    1.009775] Key type dns_resolver registered
[    1.010031] Loading compiled-in X.509 certificates
[    1.011224] Loaded X.509 cert 'Magrathea: Glacier signing key: c284edaccf0b473652c34d23bec356944236e63b'
[    1.011241] registered taskstats version 1
[    1.013502] Key type trusted registered
[    1.017675] Key type encrypted registered
[    1.017685] AppArmor: AppArmor sha1 policy hashing enabled
[    1.017688] ima: No TPM chip found, activating TPM-bypass!
[    1.017715] evm: HMAC attrs: 0x1
[    1.018465]   Magic number: 7:682:473
[    1.018603] rtc_cmos 00:02: setting system clock to 2015-11-25 08:27:14 UTC (1448440034)
[    1.019431] BIOS EDD facility v0.16 2004-Jun-25, 0 devices found
[    1.019434] EDD information not available.
[    1.019504] PM: Hibernation image not present or could not be loaded.
[    1.021280] Freeing unused kernel memory: 1352K (ffffffff81d1c000 - ffffffff81e6e000)
[    1.021286] Write protecting the kernel read-only data: 12288k
[    1.023316] Freeing unused kernel memory: 556K (ffff880001775000 - ffff880001800000)
[    1.024952] Freeing unused kernel memory: 500K (ffff880001b83000 - ffff880001c00000)
[    1.044260] systemd-udevd[95]: starting version 204
[    1.045814] input: AT Translated Set 2 keyboard as /devices/platform/i8042/serio0/input/input3
[    1.089157] wmi: Mapper loaded
[    1.102571] [drm] Initialized drm 1.1.0 20060810
[    1.110303] sky2: driver version 1.30
[    1.110574] sky2 0000:09:00.0: Yukon-2 FE+ chip revision 0
[    1.110914] sky2 0000:09:00.0: irq 44 for MSI/MSI-X
[    1.111552] sky2 0000:09:00.0 eth0: addr 00:23:ae:32:29:87
[    1.136761] ahci 0000:00:1f.2: version 3.0
[    1.136977] ahci 0000:00:1f.2: irq 45 for MSI/MSI-X
[    1.137023] ahci 0000:00:1f.2: SSS flag set, parallel bus scan disabled
[    1.137061] ahci 0000:00:1f.2: AHCI 0001.0200 32 slots 4 ports 3 Gbps 0x33 impl SATA mode
[    1.137064] ahci 0000:00:1f.2: flags: 64bit ncq sntf stag pm led clo pio slum part ccc ems 
[    1.171195] scsi0 : ahci
[    1.178719] scsi1 : ahci
[    1.184336] scsi2 : ahci
[    1.192066] scsi3 : ahci
[    1.198584] scsi4 : ahci
[    1.204103] scsi5 : ahci
[    1.204202] ata1: SATA max UDMA/133 abar m2048@0xfed1c800 port 0xfed1c900 irq 45
[    1.204206] ata2: SATA max UDMA/133 abar m2048@0xfed1c800 port 0xfed1c980 irq 45
[    1.204208] ata3: DUMMY
[    1.204210] ata4: DUMMY
[    1.204213] ata5: SATA max UDMA/133 abar m2048@0xfed1c800 port 0xfed1cb00 irq 45
[    1.204216] ata6: SATA max UDMA/133 abar m2048@0xfed1c800 port 0xfed1cb80 irq 45
[    1.204988] [drm] Memory usable by graphics device = 2048M
[    1.204992] checking generic (e0000000 300000) vs hw (e0000000 10000000)
[    1.204994] fb: switching to inteldrmfb from VESA VGA
[    1.205022] Console: switching to colour dummy device 80x25
[    1.208258] [drm] Replacing VGA console driver
[    1.240113] i915 0000:00:02.0: irq 46 for MSI/MSI-X
[    1.240125] [drm] Supports vblank timestamp caching Rev 2 (21.10.2013).
[    1.240127] [drm] Driver supports precise vblank timestamp query.
[    1.240196] vgaarb: device changed decodes: PCI:0000:00:02.0,olddecodes=io+mem,decodes=io+mem:owns=io+mem
[    1.244097] usb 1-5: new high-speed USB device number 2 using ehci-pci
[    1.402969] usb 1-5: New USB device found, idVendor=0bda, idProduct=0158
[    1.402973] usb 1-5: New USB device strings: Mfr=1, Product=2, SerialNumber=3
[    1.402976] usb 1-5: Product: USB2.0-CRW
[    1.402978] usb 1-5: Manufacturer: Generic
[    1.402980] usb 1-5: SerialNumber: 20071114173400000
[    1.405624] fbcon: inteldrmfb (fb0) is primary device
[    1.405654] Console: switching to colour frame buffer device 170x48
[    1.405687] i915 0000:00:02.0: fb0: inteldrmfb frame buffer device
[    1.405689] i915 0000:00:02.0: registered panic notifier
[    1.405848] ACPI: Video Device [VID1] (multi-head: yes  rom: no  post: no)
[    1.406784] input: Video Bus as /devices/LNXSYSTM:00/LNXSYBUS:00/PNP0A03:00/LNXVIDEO:01/input/input8
[    1.407258] [Firmware Bug]: Duplicate ACPI video bus devices for the same VGA controller, please try module parameter "video.allow_duplicates=1"if the current driver doesn't work.
[    1.407424] [drm] Initialized i915 1.6.0 20080730 for 0000:00:02.0 on minor 0
[    1.414135] usbcore: registered new interface driver usb-storage
[    1.416277] usbcore: registered new interface driver uas
[    1.418020] ums-realtek 1-5:1.0: USB Mass Storage device detected
[    1.428134] usb 1-5: USB disconnect, device number 2
[    1.431986] scsi6 : usb-storage 1-5:1.0
[    1.432183] usbcore: registered new interface driver ums-realtek
[    1.524060] ata1: SATA link up 3.0 Gbps (SStatus 123 SControl 300)
[    1.525137] ata1.00: ATA-8: Hitachi HTS543216L9A300, FB2OC40C, max UDMA/133
[    1.525139] ata1.00: 312581808 sectors, multi 8: LBA48 NCQ (depth 31/32), AA
[    1.527793] ata1.00: configured for UDMA/133
[    1.527889] scsi 0:0:0:0: Direct-Access     ATA      Hitachi HTS54321 C40C PQ: 0 ANSI: 5
[    1.528259] sd 0:0:0:0: [sda] 312581808 512-byte logical blocks: (160 GB/149 GiB)
[    1.528317] sd 0:0:0:0: [sda] Write Protect is off
[    1.528320] sd 0:0:0:0: [sda] Mode Sense: 00 3a 00 00
[    1.528346] sd 0:0:0:0: [sda] Write cache: enabled, read cache: enabled, doesn't support DPO or FUA
[    1.528790] sd 0:0:0:0: Attached scsi generic sg0 type 0
[    1.595586]  sda: sda1 sda2 < sda5 >
[    1.596050] sd 0:0:0:0: [sda] Attached SCSI disk
[    1.848063] ata2: SATA link up 1.5 Gbps (SStatus 113 SControl 300)
[    1.862689] ata2.00: ATAPI: TSSTcorp DVD+/-RW TS-L633B, D400, max UDMA/100
[    1.862692] ata2.00: applying bridge limits
[    1.876009] ata2.00: configured for UDMA/100
[    1.878650] scsi 1:0:0:0: CD-ROM            TSSTcorp DVD+-RW TS-L633B D400 PQ: 0 ANSI: 5
[    1.896255] sr0: scsi3-mmc drive: 24x/24x writer dvd-ram cd/rw xa/form2 cdda tray
[    1.896258] cdrom: Uniform CD-ROM driver Revision: 3.20
[    1.896626] sr 1:0:0:0: Attached scsi CD-ROM sr0
[    1.896776] sr 1:0:0:0: Attached scsi generic sg1 type 5
[    2.216060] ata5: SATA link down (SStatus 0 SControl 300)
[    2.536053] ata6: SATA link down (SStatus 0 SControl 300)
[    2.890251] input: ALPS PS/2 Device as /devices/platform/i8042/serio2/input/input11
[    2.926302] input: AlpsPS/2 ALPS GlidePoint as /devices/platform/i8042/serio2/input/input10
[    4.186801] EXT4-fs (sda1): mounted filesystem with ordered data mode. Opts: (null)
[    4.552625] random: nonblocking pool is initialized
[   15.524073] Adding 3105788k swap on /dev/sda5.  Priority:-1 extents:1 across:3105788k FS
[   16.082534] systemd-udevd[354]: starting version 204
[   16.211782] lp: driver loaded but no devices found
[   16.243108] ppdev: user-space parallel port driver
[   16.382124] EXT4-fs (sda1): re-mounted. Opts: errors=remount-ro
[   16.615466] shpchp: Standard Hot Plug PCI Controller Driver version: 0.4
[   16.710676] cfg80211: Calling CRDA to update world regulatory domain
[   16.975836] device-mapper: multipath: version 1.7.0 loaded
[   17.038178] snd_hda_intel 0000:00:1b.0: irq 47 for MSI/MSI-X
[   17.054005] sound hdaudioC0D0: autoconfig: line_outs=1 (0xd/0x0/0x0/0x0/0x0) type:speaker
[   17.054009] sound hdaudioC0D0:    speaker_outs=0 (0x0/0x0/0x0/0x0/0x0)
[   17.054012] sound hdaudioC0D0:    hp_outs=1 (0xa/0x0/0x0/0x0/0x0)
[   17.054014] sound hdaudioC0D0:    mono: mono_out=0x0
[   17.054016] sound hdaudioC0D0:    dig-out=0x1e/0x1f
[   17.054018] sound hdaudioC0D0:    inputs:
[   17.054020] sound hdaudioC0D0:      Internal Mic=0xc
[   17.054022] sound hdaudioC0D0:      Internal Mic=0x18
[   17.054024] sound hdaudioC0D0:      Mic=0xb
[   17.071861] input: HDA Intel Mic as /devices/pci0000:00/0000:00:1b.0/sound/card0/input14
[   17.071994] input: HDA Intel Headphone as /devices/pci0000:00/0000:00:1b.0/sound/card0/input15
[   17.957657] dcdbas dcdbas: Dell Systems Management Base Driver (version 5.6.0-3.2)
[   18.073920] wl: module license 'MIXED/Proprietary' taints kernel.
[   18.073924] Disabling lock debugging due to kernel taint
[   18.083265] wl: module verification failed: signature and/or  required key missing - tainting kernel
[   18.629836] input: Dell WMI hotkeys as /devices/virtual/input/input16
[   18.640354] gpio_ich: GPIO from 195 to 255 on gpio_ich
[   18.685968] wlan0: Broadcom BCM4315 802.11 Hybrid Wireless Controller 6.30.223.248 (r487574)
[   19.183410] cfg80211: World regulatory domain updated:
[   19.183416] cfg80211:  DFS Master region: unset
[   19.183417] cfg80211:   (start_freq - end_freq @ bandwidth), (max_antenna_gain, max_eirp), (dfs_cac_time)
[   19.183421] cfg80211:   (2402000 KHz - 2472000 KHz @ 40000 KHz), (300 mBi, 2000 mBm), (N/A)
[   19.183423] cfg80211:   (2457000 KHz - 2482000 KHz @ 40000 KHz), (300 mBi, 2000 mBm), (N/A)
[   19.183425] cfg80211:   (2474000 KHz - 2494000 KHz @ 20000 KHz), (300 mBi, 2000 mBm), (N/A)
[   19.183427] cfg80211:   (5170000 KHz - 5250000 KHz @ 40000 KHz), (300 mBi, 2000 mBm), (N/A)
[   19.183430] cfg80211:   (5735000 KHz - 5835000 KHz @ 40000 KHz), (300 mBi, 2000 mBm), (N/A)
[   20.873275] init: failsafe main process (575) killed by TERM signal
[   21.377400] Bluetooth: Core ver 2.19
[   21.377454] NET: Registered protocol family 31
[   21.377456] Bluetooth: HCI device and connection manager initialized
[   21.377826] Bluetooth: HCI socket layer initialized
[   21.377831] Bluetooth: L2CAP socket layer initialized
[   21.377845] Bluetooth: SCO socket layer initialized
[   21.439232] Bluetooth: BNEP (Ethernet Emulation) ver 1.3
[   21.439236] Bluetooth: BNEP filters: protocol multicast
[   21.439247] Bluetooth: BNEP socket layer initialized
[   21.467786] Bluetooth: RFCOMM TTY layer initialized
[   21.467800] Bluetooth: RFCOMM socket layer initialized
[   21.467810] Bluetooth: RFCOMM ver 1.11
[   21.987983] init: cups main process (676) killed by HUP signal
[   21.987997] init: cups main process ended, respawning
[   26.892530] init: samba-ad-dc main process (768) terminated with status 1
[   26.925090] sky2 0000:09:00.0 eth0: enabling interface
[   26.946793] IPv6: ADDRCONF(NETDEV_UP): eth0: link is not ready
[   31.239301] init: plymouth-upstart-bridge main process ended, respawning
[   31.252457] init: plymouth-upstart-bridge main process ended, respawning
[   37.163576] init: plymouth-stop pre-start process (1621) terminated with status 1
[  279.196456] perf interrupt took too long (2509 > 2500), lowering kernel.perf_event_max_sample_rate to 50000
[23989.765500] atkbd serio0: Unknown key pressed (translated set 2, code 0x8d on isa0060/serio0).
[23989.765505] atkbd serio0: Use 'setkeycodes e00d <keycode>' to make it known.
